create table t (c text default '\\');
-- end --
create table t (c text default "\\");
-- end --
create table t (c text default "\"");
-- end --
create table t (c text default "\"" + '\'');