create table t2 (a int)
-- end --
create table t3 (a int)
-- end --
show tables;
-- end --
drop table t2, t3;