
-- end --
SELECT 1
-- comment here
-- end --
SELECT 2 -- another comment
-- end --
SELECT 3 GO
-- end --
SELECT 4
GOTO
SELECT 5
-- end --
SELECT 6